// Vitest Snapshot v1, https://vitest.dev/guide/snapshot.html

exports[`UiModal > matches snapshot 1`] = `"<!--v-if-->"`;
