// Vitest Snapshot v1, https://vitest.dev/guide/snapshot.html

exports[`UiSpoiler > matches snapshot 1`] = `
"<div class="_container_017d2d"><button class="_titleBlock_017d2d" type="button" data-test="ui-spoiler-button">
    <div class="_title_017d2d">
      <anonymous-stub data-expanded="false" class="_icon_017d2d" width="16" height="16"></anonymous-stub><span class="_titleText_017d2d" data-test="ui-spoiler-button-title">Spoiler title</span>
    </div>
  </button>
  <div class="_spoilerWrapper_017d2d" data-expanded="false" data-test="ui-spoiler">
    <div class="_spoilerContent_017d2d" data-expanded="false">
      <div class="_spoilerInner_017d2d"></div>
    </div>
  </div>
</div>"
`;
