// Vitest Snapshot v1, https://vitest.dev/guide/snapshot.html

exports[`UiChip > matches snapshot 1`] = `"<div class="_chip_7be3f3" data-type="default" data-test="ui-chip">Chip text</div>"`;
