// Vitest Snapshot v1, https://vitest.dev/guide/snapshot.html

exports[`UiPagination > matches snapshot 1`] = `
"<div class="_pagination_f01958"><button disabled="" class="_button_f01958" type="button" data-test="ui-pagination-first"> &lt;&lt; </button><button disabled="" class="_button_f01958" type="button" data-test="ui-pagination-prev"> &lt; </button>
  <div class="_text_f01958" data-test="ui-pagination">1 из 20</div><button class="_button_f01958" type="button" data-test="ui-pagination-next"> &gt; </button><button class="_button_f01958" type="button" data-test="ui-pagination-last"> &gt;&gt; </button>
</div>"
`;
