// Vitest Snapshot v1, https://vitest.dev/guide/snapshot.html

exports[`UiClose > matches snapshot 1`] = `
"<button class="_close_f6ab49" type="button" data-small="false" data-delete="false" data-test="ui-close">
  <div class="_line_f6ab49"></div>
  <div class="_line_f6ab49"></div>
</button>"
`;
